/def-descr { % descr# str => -
  currentdict 2 index known not {
    1 index nullarray def
  } if
  [ exch ] 1 index load exch append def
} def

/room-descriptions dictbegin
1	(You are standing at the end of a road before a small brick building.)
def-descr
1	(Around you is a forest.  A small stream flows out of the building and)
def-descr
1	(down a gully.)
def-descr
2	(You have walked up a hill, still in the forest.  The road slopes back)
def-descr
2	(down the other side of the hill.  There is a building in the distance.)
def-descr
3	(You are inside a building, a well house for a large spring.)
def-descr
4	(You are in a valley in the forest beside a stream tumbling along a)
def-descr
4	(rocky bed.)
def-descr
5	(You are in open forest, with a deep valley to one side.)
def-descr
6	(You are in open forest near both a valley and a road.)
def-descr
7	(At your feet all the water of the stream splashes into a 2-inch slit)
def-descr
7	(in the rock.  Downstream the streambed is bare rock.)
def-descr
8	(You are in a 20-foot depression floored with bare dirt.  Set into the)
def-descr
8	(dirt is a strong steel grate mounted in concrete.  A dry streambed)
def-descr
8	(leads into the depression.)
def-descr
9	(You are in a small chamber beneath a 3x3 steel grate to the surface.)
def-descr
9	(A low crawl over cobbles leads inward to the west.)
def-descr
10	(You are crawling over cobbles in a low passage.  There is a dim light)
def-descr
10	(at the east end of the passage.)
def-descr
11	(You are in a debris room filled with stuff washed in from the surface.)
def-descr
11	(A low wide passage with cobbles becomes plugged with mud and debris)
def-descr
11	(here, but an awkward canyon leads upward and west.  A note on the wall)
def-descr
11	(says "magic word xyzzy".)
def-descr
12	(You are in an awkward sloping east/west canyon.)
def-descr
13	(You are in a splendid chamber thirty feet high.  The walls are frozen)
def-descr
13	(rivers of orange stone.  An awkward canyon and a good passage exit)
def-descr
13	(From east and west sides of the chamber.)
def-descr
14	(At your feet is a small pit breathing traces of white mist.  An east)
def-descr
14	(passage ends here except for a small crack leading on.)
def-descr
15	(You are at one end of a vast hall stretching forward out of sight to)
def-descr
15	(the west.  There are openings to either side.  Nearby, a wide stone)
def-descr
15	(staircase leads downward.  The hall is filled with wisps of white mist)
def-descr
15	(swaying to and fro almost as if alive.  A cold wind blows up the)
def-descr
15	(staircase.  There is a passage at the top of a dome behind you.)
def-descr
16	(The crack is far too small for you to follow.)
def-descr
17	(You are on the east bank of a fissure slicing clear across the hall.)
def-descr
17	(The mist is quite thick here, and the fissure is too wide to jump.)
def-descr
18	(This is a low room with a crude note on the wall.  The note says,)
def-descr
18	("You won't get it up the steps".)
def-descr
19	(You are in the hall of the mountain king, with passages off in all)
def-descr
19	(directions.)
def-descr
20	(You are at the bottom of the pit with a broken neck.)
def-descr
21	(You didn't make it.)
def-descr
22	(The dome is unclimbable.)
def-descr
23	(You are at the west end of the twopit room.  There is a large hole in)
def-descr
23	(the wall above the pit at this end of the room.)
def-descr
24	(You are at the bottom of the eastern pit in the twopit room.  There is)
def-descr
24	(a small pool of oil in one corner of the pit.)
def-descr
25	(You are at the bottom of the western pit in the twopit room.  There is)
def-descr
25	(a large hole in the wall about 25 feet above you.)
def-descr
26	(You clamber up the plant and scurry through the hole at the top.)
def-descr
27	(You are on the west side of the fissure in the hall of mists.)
def-descr
28	(You are in a low n/s passage at a hole in the floor.  The hole goes)
def-descr
28	(down to an e/w passage.)
def-descr
29	(You are in the south side chamber.)
def-descr
30	(You are in the west side chamber of the hall of the mountain king.)
def-descr
30	(A passage continues west and up here.)
def-descr
31	(>$<)
def-descr
32	(You can't get by the snake.)
def-descr
33	(You are in a large room, with a passage to the south, a passage to the)
def-descr
33	(west, and a wall of broken rock to the east.  There is a large "y2" on)
def-descr
33	(A rock in the room's center.)
def-descr
34	(You are in a jumble of rock, with cracks everywhere.)
def-descr
35	(You're at a low window overlooking a huge pit, which extends up out of)
def-descr
35	(sight.  A floor is indistinctly visible over 50 feet below.  Traces of)
def-descr
35	(White mist cover the floor of the pit, becoming thicker to the right.)
def-descr
35	(Marks in the dust around the window would seem to indicate that)
def-descr
35	(someone has been here recently.  Directly across the pit from you and)
def-descr
35	(25 Feet away there is a similar window looking into a lighted room.  A)
def-descr
35	(shadowy figure can be seen there peering back at you.)
def-descr
36	(You are in a dirty broken passage.  To the east is a crawl.  To the)
def-descr
36	(west is a large passage.  Above you is a hole to another passage.)
def-descr
37	(You are on the brink of a small clean climbable pit.  A crawl leads)
def-descr
37	(west.)
def-descr
38	(You are in the bottom of a small pit with a little stream, which)
def-descr
38	(Enters and exits through tiny slits.)
def-descr
39	(You are in a large room full of dusty rocks.  There is a big hole in)
def-descr
39	(the floor.  There are cracks everywhere, and a passage leading east.)
def-descr
40	(You have crawled through a very low wide passage parallel to and north)
def-descr
40	(of the hall of mists.)
def-descr
41	(You are at the west end of hall of mists.  A low wide crawl continues)
def-descr
41	(west and another goes north.  To the south is a little passage 6 feet)
def-descr
41	(Off the floor.)
def-descr
42	(You are in a maze of twisty little passages, all alike.)
def-descr
43	(You are in a maze of twisty little passages, all alike.)
def-descr
44	(You are in a maze of twisty little passages, all alike.)
def-descr
45	(You are in a maze of twisty little passages, all alike.)
def-descr
46	(Dead end)
def-descr
47	(Dead end)
def-descr
48	(Dead end)
def-descr
49	(You are in a maze of twisty little passages, all alike.)
def-descr
50	(You are in a maze of twisty little passages, all alike.)
def-descr
51	(You are in a maze of twisty little passages, all alike.)
def-descr
52	(You are in a maze of twisty little passages, all alike.)
def-descr
53	(You are in a maze of twisty little passages, all alike.)
def-descr
54	(Dead end)
def-descr
55	(You are in a maze of twisty little passages, all alike.)
def-descr
56	(Dead end)
def-descr
57	(You are on the brink of a thirty foot pit with a massive orange column)
def-descr
57	(down one wall.  You could climb down here but you could not get back)
def-descr
57	(up.  The maze continues at this level.)
def-descr
58	(Dead end)
def-descr
59	(You have crawled through a very low wide passage parallel to and north)
def-descr
59	(of the hall of mists.)
def-descr
60	(You are at the east end of a very long hall apparently without side)
def-descr
60	(chambers.  To the east a low wide crawl slants up.  To the north a)
def-descr
60	(round two foot hole slants down.)
def-descr
61	(You are at the west end of a very long featureless hall.  The hall)
def-descr
61	(joins up with a narrow north/south passage.)
def-descr
62	(You are at a crossover of a high n/s passage and a low e/w one.)
def-descr
63	(Dead end)
def-descr
64	(You are at a complex junction.  A low hands and knees passage from the)
def-descr
64	(north joins a higher crawl from the east to make a walking passage)
def-descr
64	(going west.  There is also a large room above.  The air is damp here.)
def-descr
65	(You are in bedquilt, a long east/west passage with holes everywhere.)
def-descr
65	(To explore at random select north, south, up, or down.)
def-descr
66	(You are in a room whose walls resemble swiss cheese.  Obvious passages)
def-descr
66	(go west, east, ne, and nw.  Part of the room is occupied by a large)
def-descr
66	(bedrock block.)
def-descr
67	(You are at the east end of the twopit room.  The floor here is)
def-descr
67	(littered with thin rock slabs, which make it easy to descend the pits.)
def-descr
67	(There is a path here bypassing the pits to connect passages from east)
def-descr
67	(and west.  There are holes all over, but the only big one is on the)
def-descr
67	(wall directly over the west pit where you can't get to it.)
def-descr
68	(You are in a large low circular chamber whose floor is an immense slab)
def-descr
68	(fallen from the ceiling (slab room).  East and west there once were)
def-descr
68	(large passages, but they are now filled with boulders.  Low small)
def-descr
68	(passages go north and south, and the south one quickly bends west)
def-descr
68	(around the boulders.)
def-descr
69	(You are in a secret n/s canyon above a large room.)
def-descr
70	(You are in a secret n/s canyon above a sizable passage.)
def-descr
71	(You are in a secret canyon at a junction of three canyons, bearing)
def-descr
71	(north, south, and se.  The north one is as tall as the other two)
def-descr
71	(combined.)
def-descr
72	(You are in a large low room.  Crawls lead north, se, and sw.)
def-descr
73	(Dead end crawl.)
def-descr
74	(You are in a secret canyon which here runs e/w.  It crosses over a)
def-descr
74	(very tight canyon 15 feet below.  If you go down you may not be able)
def-descr
74	(to get back up.)
def-descr
75	(You are at a wide place in a very tight n/s canyon.)
def-descr
76	(The canyon here becomes too tight to go further south.)
def-descr
77	(You are in a tall e/w canyon.  A low tight crawl goes 3 feet north and)
def-descr
77	(seems to open up.)
def-descr
78	(The canyon runs into a mass of boulders -- dead end.)
def-descr
79	(The stream flows out through a pair of 1 foot diameter sewer pipes.)
def-descr
79	(It would be advisable to use the exit.)
def-descr
80	(You are in a maze of twisty little passages, all alike.)
def-descr
81	(Dead end)
def-descr
82	(Dead end)
def-descr
83	(You are in a maze of twisty little passages, all alike.)
def-descr
84	(You are in a maze of twisty little passages, all alike.)
def-descr
85	(Dead end)
def-descr
86	(Dead end)
def-descr
87	(You are in a maze of twisty little passages, all alike.)
def-descr
88	(You are in a long, narrow corridor stretching out of sight to the)
def-descr
88	(west.  At the eastern end is a hole through which you can see a)
def-descr
88	(profusion of leaves.)
def-descr
89	(There is nothing here to climb.  Use "up" or "out" to leave the pit.)
def-descr
90	(You have climbed up the plant and out of the pit.)
def-descr
91	(You are at the top of a steep incline above a large room.  You could)
def-descr
91	(climb down here, but you would not be able to climb up.  There is a)
def-descr
91	(passage leading back to the north.)
def-descr
92	(You are in the giant room.  The ceiling here is too high up for your)
def-descr
92	(lamp to show it.  Cavernous passages lead east, north, and south.  On)
def-descr
92	(the west wall is scrawled the inscription, "fee fie foe foo" [sic].)
def-descr
93	(The passage here is blocked by a recent cave-in.)
def-descr
94	(You are at one end of an immense north/south passage.)
def-descr
95	(You are in a magnificent cavern with a rushing stream, which cascades)
def-descr
95	(over a sparkling waterfall into a roaring whirlpool which disappears)
def-descr
95	(through a hole in the floor.  Passages exit to the south and west.)
def-descr
96	(You are in the soft room.  The walls are covered with heavy curtains,)
def-descr
96	(the floor with a thick pile carpet.  Moss covers the ceiling.)
def-descr
97	(This is the oriental room.  Ancient oriental cave drawings cover the)
def-descr
97	(walls.  A gently sloping passage leads upward to the north, another)
def-descr
97	(passage leads se, and a hands and knees crawl leads west.)
def-descr
98	(You are following a wide path around the outer edge of a large cavern.)
def-descr
98	(Far below, through a heavy white mist, strange splashing noises can be)
def-descr
98	(heard.  The mist rises up through a fissure in the ceiling.  The path)
def-descr
98	(exits to the south and west.)
def-descr
99	(You are in an alcove.  A small nw path seems to widen after a short)
def-descr
99	(distance.  An extremely tight tunnel leads east.  It looks like a very)
def-descr
99	(tight squeeze.  An eerie light can be seen at the other end.)
def-descr
100	(You're in a small chamber lit by an eerie green light.  An extremely)
def-descr
100	(narrow tunnel exits to the west.  A dark corridor leads ne.)
def-descr
101	(You're in the dark-room.  A corridor leading south is the only exit.)
def-descr
102	(You are in an arched hall.  A coral passage once continued up and east)
def-descr
102	(from here, but is now blocked by debris.  The air smells of sea water.)
def-descr
103	(You're in a large room carved out of sedimentary rock.  The floor and)
def-descr
103	(walls are littered with bits of shells imbedded in the stone.  A)
def-descr
103	(shallow passage proceeds downward, and a somewhat steeper one leads)
def-descr
103	(up.  A low hands and knees passage enters from the south.)
def-descr
104	(You are in a long sloping corridor with ragged sharp walls.)
def-descr
105	(You are in a cul-de-sac about eight feet across.)
def-descr
106	(You are in an anteroom leading to a large passage to the east.  Small)
def-descr
106	(passages go west and up.  The remnants of recent digging are evident.)
def-descr
106	(A sign in midair here says "Cave under construction beyond this point.)
def-descr
106	(Proceed at own risk.  [Witt construction company]")
def-descr
107	(You are in a maze of twisty little passages, all different.)
def-descr
108	(You are at Witt's end.  Passages lead off in *all* directions.)
def-descr
109	(You are in a north/south canyon about 25 feet across.  The floor is)
def-descr
109	(covered by white mist seeping in from the north.  The walls extend)
def-descr
109	(upward for well over 100 feet.  Suspended from some unseen point far)
def-descr
109	(above you, an enormous two-sided mirror is hanging parallel to and)
def-descr
109	(Midway between the canyon walls.  (The mirror is obviously provided)
def-descr
109	(for the use of the dwarves, who as you know, are extremely vain.)  A)
def-descr
109	(Small window can be seen in either wall, some fifty feet up.)
def-descr
110	(You're at a low window overlooking a huge pit, which extends up out of)
def-descr
110	(sight.  A floor is indistinctly visible over 50 feet below.  Traces of)
def-descr
110	(white mist cover the floor of the pit, becoming thicker to the left.)
def-descr
110	(Marks in the dust around the window would seem to indicate that)
def-descr
110	(someone has been here recently.  Directly across the pit from you and)
def-descr
110	(25 Feet away there is a similar window looking into a lighted room.  A)
def-descr
110	(shadowy figure can be seen there peering back at you.)
def-descr
111	(A large stalactite extends from the roof and almost reaches the floor)
def-descr
111	(below.  You could climb down it, and jump from it to the floor, but)
def-descr
111	(having done so you would be unable to reach it to climb back up.)
def-descr
112	(You are in a little maze of twisting passages, all different.)
def-descr
113	(You are at the edge of a large underground reservoir.  An opaque cloud)
def-descr
113	(of white mist fills the room and rises rapidly upward.  The lake is)
def-descr
113	(fed by a stream, which tumbles out of a hole in the wall about 10 feet)
def-descr
113	(overhead and splashes noisily into the water somewhere within the)
def-descr
113	(Mist.  The only passage goes back toward the south.)
def-descr
114	(Dead end)
def-descr
115	(You are at the northeast end of an immense room, even larger than the)
def-descr
115	(giant room.  It appears to be a repository for the "adventure")
def-descr
115	(program.  Massive torches far overhead bathe the room with smoky)
def-descr
115	(yellow light.  Scattered about you can be seen a pile of bottles (all)
def-descr
115	(of them empty), a nursery of young beanstalks murmuring quietly, a bed)
def-descr
115	(of oysters, a bundle of black rods with rusty stars on their ends, and)
def-descr
115	(a collection of brass lanterns.  Off to one side a great many dwarves)
def-descr
115	(are sleeping on the floor, snoring loudly.  A sign nearby reads: "Do)
def-descr
115	(not disturb the dwarves!"  An immense mirror is hanging against one)
def-descr
115	(wall, and stretches to the other end of the room, where various other)
def-descr
115	(sundry objects can be glimpsed dimly in the distance.)
def-descr
116	(You are at the southwest end of the repository.  To one side is a pit)
def-descr
116	(full of fierce green snakes.  On the other side is a row of small)
def-descr
116	(wicker cages, each of which contains a little sulking bird.  In one)
def-descr
116	(corner is a bundle of black rods with rusty marks on their ends.  A)
def-descr
116	(large number of velvet pillows are scattered about on the floor.  A)
def-descr
116	(vast mirror stretches off to the northeast.  At your feet is a large)
def-descr
116	(steel grate, next to which is a sign which reads, "Treasure vault.)
def-descr
116	(Keys in main office.")
def-descr
117	(You are on one side of a large, deep chasm.  A heavy white mist rising)
def-descr
117	(up from below obscures all view of the far side.  A sw path leads away)
def-descr
117	(from the chasm into a winding corridor.)
def-descr
118	(You are in a long winding corridor sloping out of sight in both)
def-descr
118	(directions.)
def-descr
119	(You are in a secret canyon which exits to the north and east.)
def-descr
120	(You are in a secret canyon which exits to the north and east.)
def-descr
121	(You are in a secret canyon which exits to the north and east.)
def-descr
122	(You are on the far side of the chasm.  A ne path leads away from the)
def-descr
122	(chasm on this side.)
def-descr
123	(You're in a long east/west corridor.  A faint rumbling noise can be)
def-descr
123	(heard in the distance.)
def-descr
124	(The path forks here.  The left fork leads northeast.  A dull rumbling)
def-descr
124	(seems to get louder in that direction.  The right fork leads southeast)
def-descr
124	(down a gentle slope.  The main corridor enters from the west.)
def-descr
125	(The walls are quite warm here.  From the north can be heard a steady)
def-descr
125	(roar, so loud that the entire cave seems to be trembling.  Another)
def-descr
125	(passage leads south, and a low crawl goes east.)
def-descr
126	(You are on the edge of a breath-taking view.  Far below you is an)
def-descr
126	(active volcano, from which great gouts of molten lava come surging)
def-descr
126	(out, cascading back down into the depths.  The glowing rock fills the)
def-descr
126	(farthest reaches of the cavern with a blood-red glare, giving every-)
def-descr
126	(thing an eerie, macabre appearance.  The air is filled with flickering)
def-descr
126	(sparks of ash and a heavy smell of brimstone.  The walls are hot to)
def-descr
126	(the touch, and the thundering of the volcano drowns out all other)
def-descr
126	(sounds.  Embedded in the jagged roof far overhead are myriad twisted)
def-descr
126	(formations composed of pure white alabaster, which scatter the murky)
def-descr
126	(light into sinister apparitions upon the walls.  To one side is a deep)
def-descr
126	(gorge, filled with a bizarre chaos of tortured rock which seems to)
def-descr
126	(have been crafted by the devil himself.  An immense river of fire)
def-descr
126	(crashes out from the depths of the volcano, burns its way through the)
def-descr
126	(gorge, and plummets into a bottomless pit far off to your left.  To)
def-descr
126	(the right, an immense geyser of blistering steam erupts continuously)
def-descr
126	(from a barren island in the center of a sulfurous lake, which bubbles)
def-descr
126	(ominously.  The far right wall is aflame with an incandescence of its)
def-descr
126	(own, which lends an additional infernal splendor to the already)
def-descr
126	(hellish scene.  A dark, foreboding passage exits to the south.)
def-descr
127	(You are in a small chamber filled with large boulders.  The walls are)
def-descr
127	(very warm, causing the air in the room to be almost stifling from the)
def-descr
127	(heat.  The only exit is a crawl heading west, through which is coming)
def-descr
127	(a low rumbling.)
def-descr
128	(You are walking along a gently sloping north/south passage lined with)
def-descr
128	(oddly shaped limestone formations.)
def-descr
129	(You are standing at the entrance to a large, barren room.  A sign)
def-descr
129	(posted above the entrance reads:  "Caution!  Bear in room!")
def-descr
130	(You are inside a barren room.  The center of the room is completely)
def-descr
130	(empty except for some dust.  Marks in the dust lead away toward the)
def-descr
130	(far end of the room.  The only exit is the way you came in.)
def-descr
131	(You are in a maze of twisting little passages, all different.)
def-descr
132	(You are in a little maze of twisty passages, all different.)
def-descr
133	(You are in a twisting maze of little passages, all different.)
def-descr
134	(You are in a twisting little maze of passages, all different.)
def-descr
135	(You are in a twisty little maze of passages, all different.)
def-descr
136	(You are in a twisty maze of little passages, all different.)
def-descr
137	(You are in a little twisty maze of passages, all different.)
def-descr
138	(You are in a maze of little twisting passages, all different.)
def-descr
139	(You are in a maze of little twisty passages, all different.)
def-descr
140	(Dead end)
def-descr
dictend def

/def-verb { % index name => -
  currentdict 1 index known not {
    2 copy def
  } if
  exch def
} def

/verbs dictbegin
	1	/yow!	def-verb
	2	/road	def-verb
	2	/hill	def-verb
	3	/enter	def-verb
	4	/upstr	def-verb
	5	/downs	def-verb
	6	/fores	def-verb
	7	/forwa	def-verb
	7	/conti	def-verb
	7	/onwar	def-verb
	8	/back	def-verb
	8	/retur	def-verb
	8	/retre	def-verb
	9	/valle	def-verb
	10	/stair	def-verb
	11	/out	def-verb
	11	/outsi	def-verb
	11	/exit	def-verb
	11	/leave	def-verb
	12	/build	def-verb
	12	/house	def-verb
	13	/gully	def-verb
	14	/strea	def-verb
	15	/rock	def-verb
	16	/bed	def-verb
	17	/crawl	def-verb
	18	/cobbl	def-verb
	19	/inwar	def-verb
	19	/insid	def-verb
	19	/in	def-verb
	20	/surfa	def-verb
	21	/null	def-verb
	21	/nowhe	def-verb
	22	/dark	def-verb
	23	/passa	def-verb
	23	/tunne	def-verb
	24	/low	def-verb
	25	/canyo	def-verb
	26	/awkwa	def-verb
	27	/giant	def-verb
	28	/view	def-verb
	29	/upwar	def-verb
	29	/up	def-verb
	29	/u	def-verb
	29	/above	def-verb
	29	/ascen	def-verb
	30	/d	def-verb
	30	/downw	def-verb
	30	/down	def-verb
	30	/desce	def-verb
	31	/pit	def-verb
	32	/outdo	def-verb
	33	/crack	def-verb
	34	/steps	def-verb
	35	/dome	def-verb
	36	/left	def-verb
	37	/right	def-verb
	38	/hall	def-verb
	39	/jump	def-verb
	40	/barre	def-verb
	41	/over	def-verb
	42	/acros	def-verb
	43	/east	def-verb
	43	/e	def-verb
	44	/west	def-verb
	44	/w	def-verb
	45	/north	def-verb
	45	/n	def-verb
	46	/south	def-verb
	46	/s	def-verb
	47	/ne	def-verb
	48	/se	def-verb
	49	/sw	def-verb
	50	/nw	def-verb
	51	/debri	def-verb
	52	/hole	def-verb
	53	/wall	def-verb
	54	/broke	def-verb
	55	/y2	def-verb
	56	/climb	def-verb
	57	/look	def-verb
	57	/exami	def-verb
	57	/touch	def-verb
	57	/descr	def-verb
	58	/floor	def-verb
	59	/room	def-verb
	60	/slit	def-verb
	61	/slab	def-verb
	61	/slabr	def-verb
	62	/xyzzy	def-verb
	63	/depre	def-verb
	64	/entra	def-verb
	65	/plugh	def-verb
	66	/secre	def-verb
	67	/cave	def-verb
	69	/cross	def-verb
	70	/bedqu	def-verb
	71	/plove	def-verb
	72	/orien	def-verb
	73	/caver	def-verb
	74	/shell	def-verb
	75	/reser	def-verb
	76	/main	def-verb
	76	/offic	def-verb
	77	/fork	def-verb
dictend def

/def-travel { % room# [ neighbor# verb# ... ]
  currentdict 2 index known not {
    1 index dictbegin
      /Room# 1 index def
      0 room-descriptions Room# get {
	1 index ( %) sprintf exch def
	1 add
      } forall
      pop
    dictend def
  } if
  exch load % [ neighbor# verb# ... ] roomdict
  begin
    0 2 getinterval aload pop % neighbor# verb#
    verbs exch get % neighbor# verb
    exch def %
  end
} def

/travel-table dictbegin
	1 [	2	2	44	29	] def-travel
	1 [	3	3	12	19	43	] def-travel
	1 [	4	5	13	14	46	30	] def-travel
	1 [	5	6	45	43	] def-travel
	1 [	8	63	] def-travel
	2 [	1	2	12	7	43	45	30	] def-travel
	2 [	5	6	45	46	] def-travel
	3 [	1	3	11	32	44	] def-travel
	3 [	11	62	] def-travel
	3 [	33	65	] def-travel
	3 [	79	5	14	] def-travel
	4 [	1	4	12	45	] def-travel
	4 [	5	6	43	44	29	] def-travel
	4 [	7	5	46	30	] def-travel
	4 [	8	63	] def-travel
	5 [	4	9	43	30	] def-travel
	5 [	50005	6	7	45	] def-travel
	5 [	6	6	] def-travel
	5 [	5	44	46	] def-travel
	6 [	1	2	45	] def-travel
	6 [	4	9	43	44	30	] def-travel
	6 [	5	6	46	] def-travel
	7 [	1	12	] def-travel
	7 [	4	4	45	] def-travel
	7 [	5	6	43	44	] def-travel
	7 [	8	5	15	16	46	] def-travel
	7 [	595	60	14	30	] def-travel
	8 [	5	6	43	44	46	] def-travel
	8 [	1	12	] def-travel
	8 [	7	4	13	45	] def-travel
	8 [	303009	3	19	30	] def-travel
	8 [	593	3	] def-travel
	9 [	303008	11	29	] def-travel
	9 [	593	11	] def-travel
	9 [	10	17	18	19	44	] def-travel
	9 [	14	31	] def-travel
	9 [	11	51	] def-travel
	10 [	9	11	20	21	43	] def-travel
	10 [	11	19	22	44	51	] def-travel
	10 [	14	31	] def-travel
	11 [	303008	63	] def-travel
	11 [	9	64	] def-travel
	11 [	10	17	18	23	24	43	] def-travel
	11 [	12	25	19	29	44	] def-travel
	11 [	3	62	] def-travel
	11 [	14	31	] def-travel
	12 [	303008	63	] def-travel
	12 [	9	64	] def-travel
	12 [	11	30	43	51	] def-travel
	12 [	13	19	29	44	] def-travel
	12 [	14	31	] def-travel
	13 [	303008	63	] def-travel
	13 [	9	64	] def-travel
	13 [	11	51	] def-travel
	13 [	12	25	43	] def-travel
	13 [	14	23	31	44	] def-travel
	14 [	303008	63	] def-travel
	14 [	9	64	] def-travel
	14 [	11	51	] def-travel
	14 [	13	23	43	] def-travel
	14 [	150020	30	31	34	] def-travel
	14 [	15	30	] def-travel
	14 [	16	33	44	] def-travel
	15 [	18	36	46	] def-travel
	15 [	17	7	38	44	] def-travel
	15 [	19	10	30	45	] def-travel
	15 [	150022	29	31	34	35	23	43	] def-travel
	15 [	14	29	] def-travel
	15 [	34	55	] def-travel
	16 [	14	1	] def-travel
	17 [	15	38	43	] def-travel
	17 [	312596	39	] def-travel
	17 [	412021	7	] def-travel
	17 [	412597	41	42	44	69	] def-travel
	17 [	27	41	] def-travel
	18 [	15	38	11	45	] def-travel
	19 [	15	10	29	43	] def-travel
	19 [	311028	45	36	] def-travel
	19 [	311029	46	37	] def-travel
	19 [	311030	44	7	] def-travel
	19 [	32	45	] def-travel
	19 [	35074	49	] def-travel
	19 [	211032	49	] def-travel
	19 [	74	66	] def-travel
	20 [	0	1	] def-travel
	21 [	0	1	] def-travel
	22 [	15	1	] def-travel
	23 [	67	43	42	] def-travel
	23 [	68	44	61	] def-travel
	23 [	25	30	31	] def-travel
	23 [	648	52	] def-travel
	24 [	67	29	11	] def-travel
	25 [	23	29	11	] def-travel
	25 [	724031	56	] def-travel
	25 [	26	56	] def-travel
	26 [	88	1	] def-travel
	27 [	312596	39	] def-travel
	27 [	412021	7	] def-travel
	27 [	412597	41	42	43	69	] def-travel
	27 [	17	41	] def-travel
	27 [	40	45	] def-travel
	27 [	41	44	] def-travel
	28 [	19	38	11	46	] def-travel
	28 [	33	45	55	] def-travel
	28 [	36	30	52	] def-travel
	29 [	19	38	11	45	] def-travel
	30 [	19	38	11	43	] def-travel
	30 [	62	44	29	] def-travel
	31 [	524089	1	] def-travel
	31 [	90	1	] def-travel
	32 [	19	1	] def-travel
	33 [	3	65	] def-travel
	33 [	28	46	] def-travel
	33 [	34	43	53	54	] def-travel
	33 [	35	44	] def-travel
	33 [	159302	71	] def-travel
	33 [	100	71	] def-travel
	34 [	33	30	55	] def-travel
	34 [	15	29	] def-travel
	35 [	33	43	55	] def-travel
	35 [	20	39	] def-travel
	36 [	37	43	17	] def-travel
	36 [	28	29	52	] def-travel
	36 [	39	44	] def-travel
	36 [	65	70	] def-travel
	37 [	36	44	17	] def-travel
	37 [	38	30	31	56	] def-travel
	38 [	37	56	29	11	] def-travel
	38 [	595	60	14	30	4	5	] def-travel
	39 [	36	43	23	] def-travel
	39 [	64	30	52	58	] def-travel
	39 [	65	70	] def-travel
	40 [	41	1	] def-travel
	41 [	42	46	29	23	56	] def-travel
	41 [	27	43	] def-travel
	41 [	59	45	] def-travel
	41 [	60	44	17	] def-travel
	42 [	41	29	] def-travel
	42 [	42	45	] def-travel
	42 [	43	43	] def-travel
	42 [	45	46	] def-travel
	42 [	80	44	] def-travel
	43 [	42	44	] def-travel
	43 [	44	46	] def-travel
	43 [	45	43	] def-travel
	44 [	43	43	] def-travel
	44 [	48	30	] def-travel
	44 [	50	46	] def-travel
	44 [	82	45	] def-travel
	45 [	42	44	] def-travel
	45 [	43	45	] def-travel
	45 [	46	43	] def-travel
	45 [	47	46	] def-travel
	45 [	87	29	30	] def-travel
	46 [	45	44	11	] def-travel
	47 [	45	43	11	] def-travel
	48 [	44	29	11	] def-travel
	49 [	50	43	] def-travel
	49 [	51	44	] def-travel
	50 [	44	43	] def-travel
	50 [	49	44	] def-travel
	50 [	51	30	] def-travel
	50 [	52	46	] def-travel
	51 [	49	44	] def-travel
	51 [	50	29	] def-travel
	51 [	52	43	] def-travel
	51 [	53	46	] def-travel
	52 [	50	44	] def-travel
	52 [	51	43	] def-travel
	52 [	52	46	] def-travel
	52 [	53	29	] def-travel
	52 [	55	45	] def-travel
	52 [	86	30	] def-travel
	53 [	51	44	] def-travel
	53 [	52	45	] def-travel
	53 [	54	46	] def-travel
	54 [	53	44	11	] def-travel
	55 [	52	44	] def-travel
	55 [	55	45	] def-travel
	55 [	56	30	] def-travel
	55 [	57	43	] def-travel
	56 [	55	29	11	] def-travel
	57 [	13	30	56	] def-travel
	57 [	55	44	] def-travel
	57 [	58	46	] def-travel
	57 [	83	45	] def-travel
	57 [	84	43	] def-travel
	58 [	57	43	11	] def-travel
	59 [	27	1	] def-travel
	60 [	41	43	29	17	] def-travel
	60 [	61	44	] def-travel
	60 [	62	45	30	52	] def-travel
	61 [	60	43	] def-travel
	61 [	62	45	] def-travel
	61 [	100107	46	] def-travel
	62 [	60	44	] def-travel
	62 [	63	45	] def-travel
	62 [	30	43	] def-travel
	62 [	61	46	] def-travel
	63 [	62	46	11	] def-travel
	64 [	39	29	56	59	] def-travel
	64 [	65	44	70	] def-travel
	64 [	103	45	74	] def-travel
	64 [	106	43	] def-travel
	65 [	64	43	] def-travel
	65 [	66	44	] def-travel
	65 [	80556	46	] def-travel
	65 [	68	61	] def-travel
	65 [	80556	29	] def-travel
	65 [	50070	29	] def-travel
	65 [	39	29	] def-travel
	65 [	60556	45	] def-travel
	65 [	75072	45	] def-travel
	65 [	71	45	] def-travel
	65 [	80556	30	] def-travel
	65 [	106	30	] def-travel
	66 [	65	47	] def-travel
	66 [	67	44	] def-travel
	66 [	80556	46	] def-travel
	66 [	77	25	] def-travel
	66 [	96	43	] def-travel
	66 [	50556	50	] def-travel
	66 [	97	72	] def-travel
	67 [	66	43	] def-travel
	67 [	23	44	42	] def-travel
	67 [	24	30	31	] def-travel
	68 [	23	46	] def-travel
	68 [	69	29	56	] def-travel
	68 [	65	45	] def-travel
	69 [	68	30	61	] def-travel
	69 [	331120	46	] def-travel
	69 [	119	46	] def-travel
	69 [	109	45	] def-travel
	69 [	113	75	] def-travel
	70 [	71	45	] def-travel
	70 [	65	30	23	] def-travel
	70 [	111	46	] def-travel
	71 [	65	48	] def-travel
	71 [	70	46	] def-travel
	71 [	110	45	] def-travel
	72 [	65	70	] def-travel
	72 [	118	49	] def-travel
	72 [	73	45	] def-travel
	72 [	97	48	72	] def-travel
	73 [	72	46	17	11	] def-travel
	74 [	19	43	] def-travel
	74 [	331120	44	] def-travel
	74 [	121	44	] def-travel
	74 [	75	30	] def-travel
	75 [	76	46	] def-travel
	75 [	77	45	] def-travel
	76 [	75	45	] def-travel
	77 [	75	43	] def-travel
	77 [	78	44	] def-travel
	77 [	66	45	17	] def-travel
	78 [	77	46	] def-travel
	79 [	3	1	] def-travel
	80 [	42	45	] def-travel
	80 [	80	44	] def-travel
	80 [	80	46	] def-travel
	80 [	81	43	] def-travel
	81 [	80	44	11	] def-travel
	82 [	44	46	11	] def-travel
	83 [	57	46	] def-travel
	83 [	84	43	] def-travel
	83 [	85	44	] def-travel
	84 [	57	45	] def-travel
	84 [	83	44	] def-travel
	84 [	114	50	] def-travel
	85 [	83	43	11	] def-travel
	86 [	52	29	11	] def-travel
	87 [	45	29	30	] def-travel
	88 [	25	30	56	43	] def-travel
	88 [	20	39	] def-travel
	88 [	92	44	27	] def-travel
	89 [	25	1	] def-travel
	90 [	23	1	] def-travel
	91 [	95	45	73	23	] def-travel
	91 [	72	30	56	] def-travel
	92 [	88	46	] def-travel
	92 [	93	43	] def-travel
	92 [	94	45	] def-travel
	93 [	92	46	27	11	] def-travel
	94 [	92	46	27	23	] def-travel
	94 [	309095	45	3	73	] def-travel
	94 [	611	45	] def-travel
	95 [	94	46	11	] def-travel
	95 [	92	27	] def-travel
	95 [	91	44	] def-travel
	96 [	66	44	11	] def-travel
	97 [	66	48	] def-travel
	97 [	72	44	17	] def-travel
	97 [	98	29	45	73	] def-travel
	98 [	97	46	72	] def-travel
	98 [	99	44	] def-travel
	99 [	98	50	73	] def-travel
	99 [	301	43	23	] def-travel
	99 [	100	43	] def-travel
	100 [	301	44	23	11	] def-travel
	100 [	99	44	] def-travel
	100 [	159302	71	] def-travel
	100 [	33	71	] def-travel
	100 [	101	47	22	] def-travel
	101 [	100	46	71	11	] def-travel
	102 [	103	30	74	11	] def-travel
	103 [	102	29	38	] def-travel
	103 [	104	30	] def-travel
	103 [	114618	46	] def-travel
	103 [	115619	46	] def-travel
	103 [	64	46	] def-travel
	104 [	103	29	74	] def-travel
	104 [	105	30	] def-travel
	105 [	104	29	11	] def-travel
	105 [	103	74	] def-travel
	106 [	64	29	] def-travel
	106 [	65	44	] def-travel
	106 [	108	43	] def-travel
	107 [	131	46	] def-travel
	107 [	132	49	] def-travel
	107 [	133	47	] def-travel
	107 [	134	48	] def-travel
	107 [	135	29	] def-travel
	107 [	136	50	] def-travel
	107 [	137	43	] def-travel
	107 [	138	44	] def-travel
	107 [	139	45	] def-travel
	107 [	61	30	] def-travel
	108 [	95556	43	45	46	47	48	49	50	29	30	] def-travel
	108 [	106	43	] def-travel
	108 [	626	44	] def-travel
	109 [	69	46	] def-travel
	109 [	113	45	75	] def-travel
	110 [	71	44	] def-travel
	110 [	20	39	] def-travel
	111 [	70	45	] def-travel
	111 [	40050	30	39	56	] def-travel
	111 [	50053	30	] def-travel
	111 [	45	30	] def-travel
	112 [	131	49	] def-travel
	112 [	132	45	] def-travel
	112 [	133	43	] def-travel
	112 [	134	50	] def-travel
	112 [	135	48	] def-travel
	112 [	136	47	] def-travel
	112 [	137	44	] def-travel
	112 [	138	30	] def-travel
	112 [	139	29	] def-travel
	112 [	140	46	] def-travel
	113 [	109	46	11	109	] def-travel
	114 [	84	48	] def-travel
	115 [	116	49	] def-travel
	116 [	115	47	] def-travel
	116 [	593	30	] def-travel
	117 [	118	49	] def-travel
	117 [	233660	41	42	69	47	] def-travel
	117 [	332661	41	] def-travel
	117 [	303	41	] def-travel
	117 [	332021	39	] def-travel
	117 [	596	39	] def-travel
	118 [	72	30	] def-travel
	118 [	117	29	] def-travel
	119 [	69	45	11	] def-travel
	119 [	653	43	7	] def-travel
	120 [	69	45	] def-travel
	120 [	74	43	] def-travel
	121 [	74	43	11	] def-travel
	121 [	653	45	7	] def-travel
	122 [	123	47	] def-travel
	122 [	233660	41	42	69	49	] def-travel
	122 [	303	41	] def-travel
	122 [	596	39	] def-travel
	122 [	124	77	] def-travel
	122 [	126	28	] def-travel
	122 [	129	40	] def-travel
	123 [	122	44	] def-travel
	123 [	124	43	77	] def-travel
	123 [	126	28	] def-travel
	123 [	129	40	] def-travel
	124 [	123	44	] def-travel
	124 [	125	47	36	] def-travel
	124 [	128	48	37	30	] def-travel
	124 [	126	28	] def-travel
	124 [	129	40	] def-travel
	125 [	124	46	77	] def-travel
	125 [	126	45	28	] def-travel
	125 [	127	43	17	] def-travel
	126 [	125	46	23	11	] def-travel
	126 [	124	77	] def-travel
	126 [	610	30	39	] def-travel
	127 [	125	44	11	17	] def-travel
	127 [	124	77	] def-travel
	127 [	126	28	] def-travel
	128 [	124	45	29	77	] def-travel
	128 [	129	46	30	40	] def-travel
	128 [	126	28	] def-travel
	129 [	128	44	29	] def-travel
	129 [	124	77	] def-travel
	129 [	130	43	19	40	3	] def-travel
	129 [	126	28	] def-travel
	130 [	129	44	11	] def-travel
	130 [	124	77	] def-travel
	130 [	126	28	] def-travel
	131 [	107	44	] def-travel
	131 [	132	48	] def-travel
	131 [	133	50	] def-travel
	131 [	134	49	] def-travel
	131 [	135	47	] def-travel
	131 [	136	29	] def-travel
	131 [	137	30	] def-travel
	131 [	138	45	] def-travel
	131 [	139	46	] def-travel
	131 [	112	43	] def-travel
	132 [	107	50	] def-travel
	132 [	131	29	] def-travel
	132 [	133	45	] def-travel
	132 [	134	46	] def-travel
	132 [	135	44	] def-travel
	132 [	136	49	] def-travel
	132 [	137	47	] def-travel
	132 [	138	43	] def-travel
	132 [	139	30	] def-travel
	132 [	112	48	] def-travel
	133 [	107	29	] def-travel
	133 [	131	30	] def-travel
	133 [	132	44	] def-travel
	133 [	134	47	] def-travel
	133 [	135	49	] def-travel
	133 [	136	43	] def-travel
	133 [	137	45	] def-travel
	133 [	138	50	] def-travel
	133 [	139	48	] def-travel
	133 [	112	46	] def-travel
	134 [	107	47	] def-travel
	134 [	131	45	] def-travel
	134 [	132	50	] def-travel
	134 [	133	48	] def-travel
	134 [	135	43	] def-travel
	134 [	136	30	] def-travel
	134 [	137	46	] def-travel
	134 [	138	29	] def-travel
	134 [	139	44	] def-travel
	134 [	112	49	] def-travel
	135 [	107	45	] def-travel
	135 [	131	48	] def-travel
	135 [	132	30	] def-travel
	135 [	133	46	] def-travel
	135 [	134	43	] def-travel
	135 [	136	44	] def-travel
	135 [	137	49	] def-travel
	135 [	138	47	] def-travel
	135 [	139	50	] def-travel
	135 [	112	29	] def-travel
	136 [	107	43	] def-travel
	136 [	131	44	] def-travel
	136 [	132	29	] def-travel
	136 [	133	49	] def-travel
	136 [	134	30	] def-travel
	136 [	135	46	] def-travel
	136 [	137	50	] def-travel
	136 [	138	48	] def-travel
	136 [	139	47	] def-travel
	136 [	112	45	] def-travel
	137 [	107	48	] def-travel
	137 [	131	47	] def-travel
	137 [	132	46	] def-travel
	137 [	133	30	] def-travel
	137 [	134	29	] def-travel
	137 [	135	50	] def-travel
	137 [	136	45	] def-travel
	137 [	138	49	] def-travel
	137 [	139	43	] def-travel
	137 [	112	44	] def-travel
	138 [	107	30	] def-travel
	138 [	131	43	] def-travel
	138 [	132	47	] def-travel
	138 [	133	29	] def-travel
	138 [	134	44	] def-travel
	138 [	135	45	] def-travel
	138 [	136	46	] def-travel
	138 [	137	48	] def-travel
	138 [	139	49	] def-travel
	138 [	112	50	] def-travel
	139 [	107	49	] def-travel
	139 [	131	50	] def-travel
	139 [	132	43	] def-travel
	139 [	133	44	] def-travel
	139 [	134	45	] def-travel
	139 [	135	30	] def-travel
	139 [	136	48	] def-travel
	139 [	137	29	] def-travel
	139 [	138	46	] def-travel
	139 [	112	47	] def-travel
	140 [	112	45	11	] def-travel
dictend def

travel-table { % room# dict
  exch pop
  begin
    currentdict { % verb neighbor#
      verbs 2 index known not { pop pop } {
	travel-table exch 
	dup 999 gt {
	  dup 1000 div floor 1000 mul sub
	  cvi
	} if
	2 copy known {
	  get % verb dict
	  def
	} {
	  pop pop pop
	} ifelse
      } ifelse
    } forall
  end
} forall

systemdict begin
  /ColossalCave travel-table def
  ColossalCave
end % systemdict
