(ld):
halt 4
(ld):
insert /lib/crt0.o 
(ld):
insert testentryfp.o 
(ld):
insert entrynofp.o 
(ld):
insert /usr/lib/libg.a 
(ld):
insert /lib/libc.a 
0706-406 IMPORT_FILE: 2042 symbols imported.
(ld):
resolve
0706-224 WARNING:  Duplicate symbol '.mcount'.
0706-221 WARNING:  Import version of '_move' replaced by local definition.
0706-221 WARNING:  Import version of '._move' replaced by local definition.
0706-221 WARNING:  Import version of 'bcopy' replaced by local definition.
0706-221 WARNING:  Import version of '.bcopy' replaced by local definition.
0706-221 WARNING:  Import version of 'memcpy' replaced by local definition.
0706-221 WARNING:  Import version of '.memcpy' replaced by local definition.
0706-221 WARNING:  Import version of 'memmove' replaced by local definition.
0706-221 WARNING:  Import version of '.memmove' replaced by local definition.
0706-221 WARNING:  Import version of '.$MOVE' replaced by local definition.
0706-196 RESOLVE:  Kept 3290 of 3690 symbols.
(ld):
comprld
0706-180 COMPRLD: Kept 1854 of 1856 relocation entries.
(ld):
exports /usr/lib/libg.exp 
0706-410 EXPORTS: 6 symbols exported.
(ld):
entry start
0706-472 ENTRY:  Entry point set to start
(ld):
gc
0706-188 Number of symbols garbage collected: 2648 of 3292
(ld):
mismatch
0706-294 No type mismatches detected.
(ld):
er full
0706-297 No unresolved symbols detected.
(ld):
addgl /lib/glink.o
0706-196 RESOLVE:  Kept 660 of 674 symbols.
0706-371 ADDGL: 6 symbols processed.
(ld):
origin 0x200 -1
(ld):
pad 512 512 512
0706-143 The object file pad values are .text: 512  .data: 512  .loader: 512
(ld):
save 1L testentrynofp 
0706-760 CLEAN_SAVE:  section sizes = 19460+5456+28 (00004C04+00001550+0000001C hex)
0706-762 Size of TOC: 48 (0x30 hex)
(ld):
rc
0706-476 RC:  Highest return code was 0
(ld):
q
